[  680.8s] store 적재 완료
[  682.5s] 쌍 141,517 · 유전자 47
[  682.5s] === medcpt_only ===
[  685.8s]   기하 {'dimension': 768.0, 'effective_rank': 10.27500428031525, 'mean_cosine_similarity': 0.9690400944550347}
[  686.4s]   cos                        0.5055  우연대비 +0.0055 [-0.0325,+0.0325] UNRESOLVED
[  686.8s]   l2                         0.5078  우연대비 +0.0078 [-0.0308,+0.0344] UNRESOLVED
[  692.2s]   PCA-16 + cos               0.5068  우연대비 +0.0068 [-0.0249,+0.0288] UNRESOLVED
[  692.7s]   PCA-32 + cos               0.4752  우연대비 -0.0248 [-0.0449,-0.0013] 0배제
[  693.3s]   PCA-64 + cos               0.4775  우연대비 -0.0225 [-0.0450,+0.0008] UNRESOLVED
[  693.3s] === structured_only ===
[  695.9s]   기하 {'dimension': 64.0, 'effective_rank': 23.788125502804093, 'mean_cosine_similarity': 0.30361035264873626}
[  696.3s]   cos                        0.6229  우연대비 +0.1229 [+0.1123,+0.1321] 0배제
[  696.6s]   l2                         0.6228  우연대비 +0.1228 [+0.1123,+0.1345] 0배제
[  697.2s]   PCA-16 + cos               0.6840  우연대비 +0.1840 [+0.1690,+0.1951] 0배제
[  697.5s]   PCA-32 + cos               0.7019  우연대비 +0.2019 [+0.1904,+0.2120] 0배제
[  697.9s]   PCA-64 + cos               0.7054  우연대비 +0.2054 [+0.1957,+0.2162] 0배제
[  697.9s] === medcpt_plus_structured ===
[  700.6s]   기하 {'dimension': 832.0, 'effective_rank': 24.329892869136607, 'mean_cosine_similarity': 0.6192877051732358}
[  701.1s]   cos                        0.6469  우연대비 +0.1469 [+0.1217,+0.1679] 0배제
[  701.5s]   l2                         0.6508  우연대비 +0.1508 [+0.1255,+0.1713] 0배제
[  707.2s]   PCA-16 + cos               0.6745  우연대비 +0.1745 [+0.1596,+0.1866] 0배제
[  707.7s]   PCA-32 + cos               0.6944  우연대비 +0.1944 [+0.1840,+0.2041] 0배제
[  708.3s]   PCA-64 + cos               0.7040  우연대비 +0.2040 [+0.1960,+0.2142] 0배제
[  708.3s] 기록: R9_information_source_ablation.json
[  708.3s] 완료 11.8 분
