[  674.8s] store 적재 완료
[  676.2s] dev 31,050 · train(추정용) 40,000
[  676.4s] 쌍 141,517 · 유전자 47
[  676.4s] === 동결 공간 (views_only) ===
[  679.3s]   기하: {'dimension': 768, 'effective_rank': 10.27500428031525, 'mean_cosine_similarity': 0.9690400944550347}
[  679.9s]   cos                                0.5055   우연대비 +0.0055 [-0.0325,+0.0325] UNRESOLVED
[  680.3s]   l2                                 0.5078   우연대비 +0.0078 [-0.0308,+0.0344] UNRESOLVED
[  680.6s]   neg_dot                            0.4966   우연대비 -0.0034 [-0.0392,+0.0240] UNRESOLVED
[  681.5s]   cos_std (train-fit)                0.5011   우연대비 +0.0011 [-0.0244,+0.0230] UNRESOLVED
[  682.1s]   l2_std (train-fit)                 0.5663   우연대비 +0.0663 [+0.0430,+0.0829] 0배제
[  683.6s]   cos_whiten (train-fit)             0.5508   우연대비 +0.0508 [+0.0369,+0.0672] 0배제
[  688.7s]   PCA-8 + cos                        0.4709   우연대비 -0.0291 [-0.0736,+0.0086] UNRESOLVED
[  689.2s]   PCA-16 + cos                       0.5068   우연대비 +0.0068 [-0.0249,+0.0288] UNRESOLVED
[  689.8s]   PCA-32 + cos                       0.4752   우연대비 -0.0248 [-0.0449,-0.0013] 0배제
[  690.4s]   PCA-64 + cos                       0.4775   우연대비 -0.0225 [-0.0450,+0.0008] UNRESOLVED
[  691.1s]   PCA-128 + cos                      0.4724   우연대비 -0.0276 [-0.0492,-0.0037] 0배제
[  691.8s]   PCA-256 + cos                      0.4719   우연대비 -0.0281 [-0.0504,-0.0074] 0배제
[  692.2s]   random-64 + cos                    0.5981   우연대비 +0.0981 [+0.0561,+0.1279] 0배제
[  692.9s]   random-64 + cos_std                0.5894   우연대비 +0.0894 [+0.0529,+0.1216] 0배제
[  692.9s] === 동결 공간 (views+structured) ===
[  696.0s]   기하: {'dimension': 832, 'effective_rank': 24.329892869136607, 'mean_cosine_similarity': 0.6192877051732358}
[  696.5s]   cos                                0.6469   우연대비 +0.1469 [+0.1217,+0.1679] 0배제
[  696.9s]   l2                                 0.6508   우연대비 +0.1508 [+0.1255,+0.1713] 0배제
[  697.3s]   neg_dot                            0.6452   우연대비 +0.1452 [+0.1197,+0.1659] 0배제
[  698.2s]   cos_std (train-fit)                0.5264   우연대비 +0.0264 [+0.0012,+0.0475] 0배제
[  698.8s]   l2_std (train-fit)                 0.5570   우연대비 +0.0570 [+0.0339,+0.0742] 0배제
[  700.4s]   cos_whiten (train-fit)             0.5467   우연대비 +0.0467 [+0.0314,+0.0646] 0배제
[  706.1s]   PCA-8 + cos                        0.6668   우연대비 +0.1668 [+0.1518,+0.1790] 0배제
[  706.7s]   PCA-16 + cos                       0.6745   우연대비 +0.1745 [+0.1596,+0.1866] 0배제
[  707.3s]   PCA-32 + cos                       0.6944   우연대비 +0.1944 [+0.1840,+0.2041] 0배제
[  708.0s]   PCA-64 + cos                       0.7040   우연대비 +0.2040 [+0.1960,+0.2142] 0배제
[  708.6s]   PCA-128 + cos                      0.7031   우연대비 +0.2031 [+0.1946,+0.2127] 0배제
[  709.4s]   PCA-256 + cos                      0.7029   우연대비 +0.2029 [+0.1944,+0.2125] 0배제
[  709.9s]   random-64 + cos                    0.5734   우연대비 +0.0734 [+0.0584,+0.0898] 0배제
[  710.6s]   random-64 + cos_std                0.5911   우연대비 +0.0911 [+0.0786,+0.1129] 0배제
[  710.6s] 기록: R8_frozen_space_ladder.json
[  710.6s] 완료 11.8 분
